ашипки